// Jest Snapshot v1, https://goo.gl/fbAQLP

exports[`renders without crashing 1`] = `
<div>
  <div
    class="App"
  >
    <div
      class="TodoListContainer"
    >
      <h1
        class="Header"
      >
        <em>
          Todos
        </em>
      </h1>
      <ul
        class="TodoList"
      >
        <li>
          <form
            class="form"
            id="input"
          >
            <input
              class="InputField"
              placeholder="What needs to be done?"
              type="text"
            />
          </form>
        </li>
        <li
          class="TodoItem"
        >
          <span
            class="circle-loader"
          >
            <div
              class=""
            />
          </span>
          <span
            class="content"
          >
            write tests :)
          </span>
          <span
            class="delete-circle"
          >
            <svg
              aria-hidden="true"
              class="svg-inline--fa fa-trash fa-w-14 fa-null fa-rotate-null fa-pull-null red"
              data-icon="trash"
              data-prefix="fas"
              focusable="false"
              role="img"
              viewBox="0 0 448 512"
              xmlns="http://www.w3.org/2000/svg"
            >
              <path
                d="M432 32H312l-9.4-18.7A24 24 0 0 0 281.1 0H166.8a23.72 23.72 0 0 0-21.4 13.3L136 32H16A16 16 0 0 0 0 48v32a16 16 0 0 0 16 16h416a16 16 0 0 0 16-16V48a16 16 0 0 0-16-16zM53.2 467a48 48 0 0 0 47.9 45h245.8a48 48 0 0 0 47.9-45L416 128H32z"
                fill="currentColor"
              />
            </svg>
          </span>
        </li>
      </ul>
    </div>
    <div
      class="Footer"
    >
      <a
        href="https://jamesroyston.dev"
      >
        portfolio
      </a>
       | 
      <a
        href="https://github.com/jamesroyston"
      >
        github
      </a>
    </div>
  </div>
</div>
`;
